src/routes/product.$slug.tsx(4,26): error TS2307: Cannot find module '@/integrations/supabase/client' or its corresponding type declarations.
src/routes/product.$slug.tsx(5,28): error TS2307: Cannot find module '@/components/site-header' or its corresponding type declarations.
src/routes/product.$slug.tsx(6,28): error TS2307: Cannot find module '@/components/site-footer' or its corresponding type declarations.
src/routes/product.$slug.tsx(7,24): error TS2307: Cannot find module '@/components/ui/button' or its corresponding type declarations.
src/routes/product.$slug.tsx(8,23): error TS2307: Cannot find module '@/components/ui/badge' or its corresponding type declarations.
src/routes/product.$slug.tsx(9,23): error TS2307: Cannot find module '@/components/ui/input' or its corresponding type declarations.
src/routes/product.$slug.tsx(10,23): error TS2307: Cannot find module '@/components/ui/label' or its corresponding type declarations.
src/routes/product.$slug.tsx(11,26): error TS2307: Cannot find module '@/components/ui/textarea' or its corresponding type declarations.
src/routes/product.$slug.tsx(12,24): error TS2307: Cannot find module '@/components/ui/switch' or its corresponding type declarations.
src/routes/product.$slug.tsx(14,43): error TS2307: Cannot find module '@/lib/pricing' or its corresponding type declarations.
src/routes/product.$slug.tsx(15,30): error TS2307: Cannot find module '@/lib/types' or its corresponding type declarations.
src/routes/product.$slug.tsx(16,35): error TS2307: Cannot find module '@/lib/fallback-data' or its corresponding type declarations.
src/routes/product.$slug.tsx(18,38): error TS2345: Argument of type '"/product/$slug"' is not assignable to parameter of type 'never'.
src/routes/product.$slug.tsx(407,21): error TS2353: Object literal may only specify known properties, and 'slug' does not exist in type 'ParamsReducerFn<AnyRouter, "PATH", string, "/category/$slug">'.
src/routes/product.$slug.tsx(710,46): error TS2353: Object literal may only specify known properties, and 'slug' does not exist in type 'ParamsReducerFn<AnyRouter, "PATH", string, "/category/$slug">'.
src/routes/product.$slug.tsx(1013,21): error TS2353: Object literal may only specify known properties, and 'slug' does not exist in type 'ParamsReducerFn<AnyRouter, "PATH", string, "/category/$slug">'.
src/routes/product.$slug.tsx(1278,21): error TS2353: Object literal may only specify known properties, and 'slug' does not exist in type 'ParamsReducerFn<AnyRouter, "PATH", string, "/category/$slug">'.
src/routes/product.$slug.tsx(1586,21): error TS2353: Object literal may only specify known properties, and 'slug' does not exist in type 'ParamsReducerFn<AnyRouter, "PATH", string, "/category/$slug">'.
src/routes/product.$slug.tsx(1900,21): error TS2353: Object literal may only specify known properties, and 'slug' does not exist in type 'ParamsReducerFn<AnyRouter, "PATH", string, "/category/$slug">'.
src/routes/product.$slug.tsx(2266,21): error TS2353: Object literal may only specify known properties, and 'slug' does not exist in type 'ParamsReducerFn<AnyRouter, "PATH", string, "/category/$slug">'.
src/routes/product.$slug.tsx(2608,21): error TS2353: Object literal may only specify known properties, and 'slug' does not exist in type 'ParamsReducerFn<AnyRouter, "PATH", string, "/category/$slug">'.
src/routes/product.$slug.tsx(2955,21): error TS2353: Object literal may only specify known properties, and 'slug' does not exist in type 'ParamsReducerFn<AnyRouter, "PATH", string, "/category/$slug">'.
src/routes/product.$slug.tsx(3324,21): error TS2353: Object literal may only specify known properties, and 'slug' does not exist in type 'ParamsReducerFn<AnyRouter, "PATH", string, "/category/$slug">'.
src/routes/product.$slug.tsx(3761,21): error TS2353: Object literal may only specify known properties, and 'slug' does not exist in type 'ParamsReducerFn<AnyRouter, "PATH", string, "/category/$slug">'.
src/routes/product.$slug.tsx(4181,21): error TS2353: Object literal may only specify known properties, and 'slug' does not exist in type 'ParamsReducerFn<AnyRouter, "PATH", string, "/category/$slug">'.
src/routes/product.$slug.tsx(4469,21): error TS2353: Object literal may only specify known properties, and 'slug' does not exist in type 'ParamsReducerFn<AnyRouter, "PATH", string, "/category/$slug">'.
src/routes/product.$slug.tsx(4745,21): error TS2353: Object literal may only specify known properties, and 'slug' does not exist in type 'ParamsReducerFn<AnyRouter, "PATH", string, "/category/$slug">'.
src/routes/product.$slug.tsx(5058,21): error TS2353: Object literal may only specify known properties, and 'slug' does not exist in type 'ParamsReducerFn<AnyRouter, "PATH", string, "/category/$slug">'.
src/routes/product.$slug.tsx(5363,21): error TS2353: Object literal may only specify known properties, and 'slug' does not exist in type 'ParamsReducerFn<AnyRouter, "PATH", string, "/category/$slug">'.
src/routes/product.$slug.tsx(5630,21): error TS2353: Object literal may only specify known properties, and 'slug' does not exist in type 'ParamsReducerFn<AnyRouter, "PATH", string, "/category/$slug">'.
src/routes/product.$slug.tsx(5938,21): error TS2353: Object literal may only specify known properties, and 'slug' does not exist in type 'ParamsReducerFn<AnyRouter, "PATH", string, "/category/$slug">'.
src/routes/product.$slug.tsx(6255,21): error TS2353: Object literal may only specify known properties, and 'slug' does not exist in type 'ParamsReducerFn<AnyRouter, "PATH", string, "/category/$slug">'.
src/routes/product.$slug.tsx(6489,21): error TS2353: Object literal may only specify known properties, and 'slug' does not exist in type 'ParamsReducerFn<AnyRouter, "PATH", string, "/category/$slug">'.
src/routes/product.$slug.tsx(6772,21): error TS2353: Object literal may only specify known properties, and 'slug' does not exist in type 'ParamsReducerFn<AnyRouter, "PATH", string, "/category/$slug">'.
src/routes/product.$slug.tsx(7052,21): error TS2353: Object literal may only specify known properties, and 'slug' does not exist in type 'ParamsReducerFn<AnyRouter, "PATH", string, "/category/$slug">'.
src/routes/product.$slug.tsx(7344,21): error TS2353: Object literal may only specify known properties, and 'slug' does not exist in type 'ParamsReducerFn<AnyRouter, "PATH", string, "/category/$slug">'.
src/routes/product.$slug.tsx(7610,21): error TS2353: Object literal may only specify known properties, and 'slug' does not exist in type 'ParamsReducerFn<AnyRouter, "PATH", string, "/category/$slug">'.
src/routes/product.$slug.tsx(7846,21): error TS2353: Object literal may only specify known properties, and 'slug' does not exist in type 'ParamsReducerFn<AnyRouter, "PATH", string, "/category/$slug">'.
src/routes/product.$slug.tsx(8121,21): error TS2353: Object literal may only specify known properties, and 'slug' does not exist in type 'ParamsReducerFn<AnyRouter, "PATH", string, "/category/$slug">'.
src/routes/product.$slug.tsx(8408,21): error TS2353: Object literal may only specify known properties, and 'slug' does not exist in type 'ParamsReducerFn<AnyRouter, "PATH", string, "/category/$slug">'.
src/routes/product.$slug.tsx(8755,21): error TS2353: Object literal may only specify known properties, and 'slug' does not exist in type 'ParamsReducerFn<AnyRouter, "PATH", string, "/category/$slug">'.
src/routes/product.$slug.tsx(9092,21): error TS2353: Object literal may only specify known properties, and 'slug' does not exist in type 'ParamsReducerFn<AnyRouter, "PATH", string, "/category/$slug">'.
src/routes/product.$slug.tsx(9443,46): error TS2353: Object literal may only specify known properties, and 'slug' does not exist in type 'ParamsReducerFn<AnyRouter, "PATH", string, "/category/$slug">'.
src/routes/product.$slug.tsx(9878,21): error TS2353: Object literal may only specify known properties, and 'slug' does not exist in type 'ParamsReducerFn<AnyRouter, "PATH", string, "/category/$slug">'.
src/routes/product.$slug.tsx(10174,21): error TS2353: Object literal may only specify known properties, and 'slug' does not exist in type 'ParamsReducerFn<AnyRouter, "PATH", string, "/category/$slug">'.
src/routes/product.$slug.tsx(10483,21): error TS2353: Object literal may only specify known properties, and 'slug' does not exist in type 'ParamsReducerFn<AnyRouter, "PATH", string, "/category/$slug">'.
